==> Cloning from https://github.com/ItishaJain123/meddoc-ai
==> Checking out commit 24dd796db0abf1e916546d0f3946e4fed846a377 in branch master
==> Using Node.js version 24.14.1 (default)
==> Docs on specifying a Node.js version: https://render.com/docs/node-version
==> Running build command ' npm install --legacy-peer-deps'...
> server@1.0.0 postinstall
> prisma generate
Prisma schema loaded from prisma/schema.prisma
Error: Prisma schema validation - (get-config wasm)
Error code: P1012
error: A datasource must not use the env() function in the provider argument.
  -->  prisma/schema.prisma:5
   | 
 4 | 
 5 | datasource db {
 6 |   provider = env("DATABASE_PROVIDER")
 7 |   url      = env("DATABASE_URL")
 8 | }
   | 
Validation Error Count: 1
Menu
[Context: getConfig]
Prisma CLI Version : 5.22.0
npm error code 1
npm error path /opt/render/project/src/server
npm error command failed
npm error command sh -c prisma generate
npm error A complete log of this run can be found in: /opt/render/.cache/_logs/2026-04-23T20_03_09_276Z-debug-0.log
==> Build failed 😞
==> Common ways to troubleshoot your deploy: https://render.com/docs/troubleshooting-deploys